  **** HLS Build v2025.2 6295257
Sourcing Tcl script 'C:/Users/asus/Desktop/Real_fpt/run_hls.tcl'
INFO: [HLS 200-1510] Running: open_project csim_proj 
WARNING: [HLS 200-2182] The 'csim_proj' project will not automatically appear within Vitis IDE workspaces and is meant only for TCL batch use.  Please use open_component instead of open_project/open_solution to generate Vitis IDE compatible component files and directory structure.
Resolution: For help on HLS 200-2182 see docs.amd.com/access/sources/dita/topic?Doc_Version=2025.2%20English&url=ug1448-hls-guidance&resourceid=200-2182.html
INFO: [HLS 200-10] Creating and opening solution 'C:/Users/asus/Desktop/Real_fpt/csim_proj'.
INFO: [HLS 200-1510] Running: add_files -tb projection.cpp 
WARNING: [HLS 200-40] Cannot find test bench file 'projection.cpp'
INFO: [HLS 200-1510] Running: add_files -tb projection_tb.cpp 
WARNING: [HLS 200-40] Cannot find test bench file 'projection_tb.cpp'
INFO: [HLS 200-1510] Running: open_solution sol -flow_target vivado 
INFO: [HLS 200-10] Creating and opening solution 'C:/Users/asus/Desktop/Real_fpt/csim_proj/sol'.
INFO: [HLS 200-1505] Using flow_target 'vivado'
Resolution: For help on HLS 200-1505 see docs.amd.com/access/sources/dita/topic?Doc_Version=2025.2%20English&url=ug1448-hls-guidance&resourceid=200-1505.html
INFO: [HLS 200-1510] Running: set_top projection 
INFO: [HLS 200-1510] Running: set_part xcvp2802 
ERROR: [HLS 200-1023] Part 'xcvp2802' is not installed.
command 'create_platform' returned error code
    while executing
"source C:/Users/asus/Desktop/Real_fpt/run_hls.tcl"
    ("uplevel" body line 1)
    invoked from within
"uplevel \#0 [list source $tclfile] "

INFO: [HLS 200-112] Total CPU user time: 1 seconds. Total CPU system time: 1 seconds. Total elapsed time: 5.725 seconds; peak allocated memory: 52.844 MB.
INFO: [vitis-run 60-1662] Stopping dispatch session having empty uuid.
